======================================================================
  Pipeline Bakeoff Orchestrator — Autonomous Mode
======================================================================
  Frameworks: ['shinkaevolve', 'nous']
  Iterations per framework: 10
  Eval mode: fixed
  Results dir: /home/nara/certus/ai-native-storage-certus/evolution/pipeline-bakeoff/results
  Baseline: 3.59 GB/s (current dispatcher, single drive)
  Target: beat P2P (3.4 GB/s) and approach NVMe ceiling (5.28 GB/s)


======================================================================
  Starting: shinkaevolve | iterations=10 | eval=fixed
  Output: /home/nara/certus/ai-native-storage-certus/evolution/pipeline-bakeoff/results/shinkaevolve
======================================================================

  CMD: uv run --project /home/nara/certus/evo_frameworks/skydiscover skydiscover-run /home/nara/certus/ai-native-storage-certus/evolution/pipeline-bakeoff/initial_program.rs /home/nara/certus/ai-native-storage-certus/evolution/pipeline-bakeoff/evaluator/evaluate.py --search shinkaevolve --config /home/nara/certus/ai-native-storage-certus/evolution/pipeline-bakeoff/frameworks/shinkaevolve/config.yaml -i 10 -o /home/nara/certus/ai-native-storage-certus/evolution/pipeline-bakeoff/results/shinkaevolve/output


  shinkaevolve complete: 0 iterations, best=0.0000 GB/s, wall=9s


Analysis written to: /home/nara/certus/ai-native-storage-certus/evolution/pipeline-bakeoff/results/analysis-fixed-2026-05-25_18-45-03.md

======================================================================
  Starting: nous | iterations=10 | eval=fixed
  Output: /home/nara/certus/ai-native-storage-certus/evolution/pipeline-bakeoff/results/nous
======================================================================

  CMD: /usr/bin/python3.12 /home/nara/certus/evo_frameworks/agentic-strategy-evolution/run_campaign.py /home/nara/certus/ai-native-storage-certus/evolution/pipeline-bakeoff/frameworks/nous/config.yaml --max-iterations 3 --auto-approve --run-id h1-bakeoff-2026-05-25_18-45-03 --timeout 1800


  nous complete: 0 iterations, best=0.0000 GB/s, wall=1800s


Analysis written to: /home/nara/certus/ai-native-storage-certus/evolution/pipeline-bakeoff/results/analysis-fixed-2026-05-25_19-15-03.md

Analysis written to: /home/nara/certus/ai-native-storage-certus/evolution/pipeline-bakeoff/results/analysis-fixed-2026-05-25_19-15-03.md

======================================================================
  BAKEOFF COMPLETE
======================================================================
  Frameworks run: 2
  Winner: shinkaevolve (0.0000 GB/s)
  Analysis: /home/nara/certus/ai-native-storage-certus/evolution/pipeline-bakeoff/results/analysis-fixed-2026-05-25_19-15-03.md

