Using base URL: http://localhost:8000/v1

--- Sending prompt 1/5 ---

Response of request 0:  hi

--- Sending prompt 2/5 ---

Response of request 1:  hi

--- Sending prompt 3/5 ---

Response of request 2:  hi

--- Sending prompt 4/5 ---

Response of request 3:  hi

--- Sending prompt 5/5 ---

Response of request 4:  hi
Repeat mode:  tile
------warm up round------

--- Sending prompt 1/5 ---

Response of request 0:  

--- Sending prompt 2/5 ---

Response of request 1:  

--- Sending prompt 3/5 ---

Response of request 2:  

--- Sending prompt 4/5 ---

Response of request 3:  

--- Sending prompt 5/5 ---

Response of request 4:  
------query round------

--- Sending prompt 1/5 ---

Response of request 0:  

--- Sending prompt 2/5 ---

Response of request 1:  

--- Sending prompt 3/5 ---

Response of request 2:  

--- Sending prompt 4/5 ---

Response of request 3:  

--- Sending prompt 5/5 ---

Response of request 4:  
Warmup round mean TTFT: 1.588s
Warmup round time: 7.947s
Warmup round prompt count: 5
Warmup round successful prompt count: 5
[36;1m
=== BENCHMARK RESULTS ===[0m
[32mQuery round mean TTFT: 1.591s[0m
[33mQuery round time: 7.961s[0m
[35mQuery round prompt count: 5[0m
[34mQuery round successful prompt count: 5[0m
{"query_ttft_per_prompt": 1.591174554824829, "query_round_time_per_prompt": 1.5922273635864257, "warmup_round_time_per_prompt": 1.58941650390625}
