Good. Let me print the final summary:

```json
{"iterations": 10, "best_score": 0.3368, "scores": [0.2063, 0.1773, 0.2700, 0.2718, 0.3266, 0.3366, 0.3251, 0.3274, 0.3322, 0.3356]}
```

Here's the summary of all optimization iterations:

| # | Change | Score | Result |
|---|--------|-------|--------|
| 0 | Baseline | 0.2063 | 2.44 GB/s, 1.90ms p99 |
| 1 | 4 queues + 4 streams + QD=32 | 0.1773 | Regression: thread overhead |
| 2 | 1 queue, QD=32, no periodic sync | 0.2700 | Less overhead = better |
| 3 | 1 queue, QD=64, no periodic sync | 0.2718 | Marginal gain |
| 4 | 2 queues, QD=64, no periodic sync | 0.3266 | Parallel NVMe + no sync = big win |
| 5 | 4 queues (errors), 3 queues | 0.3161 | 4Q has errors, 3Q worse than 2Q |
| 6 | Pre-eviction + 2 queues | 0.3366 | Pre-evict reduces MT contention |
| 7 | Single H2D vs streaming | 0.3251 | Single copy loses overlap benefit |
| 7b | memcpy_h2d_async streaming | 0.3274 | Slightly worse than dma_copy_to_device_async |
| 8 | QD=128 | 0.3219 | Too deep, overhead |
| 9 | Pre-allocate all MT slots + QD=32 | **0.3368** | Best: no MT in hot loop |

**Key optimizations that stuck:**
1. Changed `pipelined_ssd_to_gpu_zero_copy` to accept `&[GpuStream]` (flexible stream count)
2. Removed periodic GPU stream sync (no mid-pipeline stalls)
3. Pre-allocated memory-tier slots before spawning I/O threads
4. 2 queues per drive with QD=32 (matches 4MiB / 128KiB chunk count)

**Final result: ~63% improvement** from baseline 0.2063 to best 0.3368 (2.44 → 3.94 GB/s throughput, 1.9 → 1.14ms p99).
